// Jest Snapshot v1, https://goo.gl/fbAQLP

exports[`renders correctly 1`] = `
<p
  style={
    Object {
      "backgroundColor": "white",
      "fontSize": 45,
    }
  }
>
  Hello from MainScreen!!
</p>
`;
